// Jest Snapshot v1, https://goo.gl/fbAQLP

exports[`Search.vue renderiza corretamente 1`] = `
<div
  class="container-fluid"
>
  <div>
    <div
      class="card"
    >
      <!---->
      <header
        class="card-header"
      >
        <div>
          Pessoas
        </div>
      </header>
      <div
        class="card-body"
      >
        <!---->
        <!---->
        <!---->
         
        <form
          class="form-inline"
        >
          <div
            class="input-group"
            role="group"
          >
            <!---->
            <!---->
            <input
              class="form-control"
              id="inputId"
              placeholder="ID"
              type="text"
            />
             
            <div
              class="input-group-append"
            >
              <button
                class="btn btn-info"
                id="showModalButton"
                type="button"
              >
                <svg
                  aria-hidden="true"
                  class="svg-inline--fa fa-search fa-w-16"
                  data-icon="search"
                  data-prefix="fas"
                  focusable="false"
                  role="img"
                  viewBox="0 0 512 512"
                  xmlns="http://www.w3.org/2000/svg"
                >
                  <path
                    class=""
                    d="M505 442.7L405.3 343c-4.5-4.5-10.6-7-17-7H372c27.6-35.3 44-79.7 44-128C416 93.1 322.9 0 208 0S0 93.1 0 208s93.1 208 208 208c48.3 0 92.7-16.4 128-44v16.3c0 6.4 2.5 12.5 7 17l99.7 99.7c9.4 9.4 24.6 9.4 33.9 0l28.3-28.3c9.4-9.4 9.4-24.6.1-34zM208 336c-70.7 0-128-57.2-128-128 0-70.7 57.2-128 128-128 70.7 0 128 57.2 128 128 0 70.7-57.2 128-128 128z"
                    fill="currentColor"
                  />
                </svg>
              </button>
            </div>
            <!---->
            <!---->
          </div>
           
          <div
            class="input-group"
            role="group"
          >
            <!---->
            <!---->
            <input
              class="form-control"
              placeholder="Nome"
              type="text"
            />
            <!---->
            <!---->
          </div>
        </form>
      </div>
      <!---->
      <!---->
    </div>
  </div>
   
  <div>
    <div
      style="position: relative; z-index: 2000;"
    >
      <div
        aria-hidden="true"
        class="modal fade"
        role="dialog"
        style="display: none;"
        tabindex="-1"
      >
        <div
          class="modal-dialog modal-md"
        >
          <div
            class="modal-content"
            role="document"
          >
            <header
              class="modal-header"
            >
              <h5
                class="modal-title"
              >
                Pesquisar Pessoas
              </h5>
              <button
                aria-label="Close"
                class="close"
                type="button"
              >
                ×
              </button>
            </header>
            <div
              class="modal-body"
            >
              <!---->
               
              <form
                class="form-inline"
              >
                <div
                  class="input-group"
                  role="group"
                >
                  <!---->
                  <!---->
                  <input
                    class="form-control"
                    placeholder="Nome"
                    type="text"
                  />
                   
                  <input
                    class="form-control"
                    placeholder="Idade"
                    type="text"
                  />
                   
                  <input
                    class="form-control"
                    placeholder="Profissão"
                    type="text"
                  />
                   
                  <button
                    class="btn btn-primary"
                    id="searchButton"
                    type="button"
                  >
                    Pesquisar
                  </button>
                  <!---->
                  <!---->
                </div>
              </form>
               
              <div>
                <table
                  aria-busy="false"
                  aria-colcount="0"
                  class="table b-table table-hover"
                  id="pessoaTable"
                >
                  <!---->
                  <!---->
                  <thead
                    class=""
                  >
                    <tr />
                  </thead>
                  <!---->
                  <tbody
                    class=""
                  >
                    <!---->
                    <!---->
                    <!---->
                  </tbody>
                </table>
              </div>
               
            </div>
            <footer
              class="modal-footer"
            >
              <div>
                <button
                  class="btn float-right btn-primary disabled"
                  disabled="disabled"
                  type="button"
                >
                  Selecionar
                </button>
                 
                <button
                  class="btn float-right btn-danger"
                  id="hideModalButton"
                  type="button"
                >
                  Fechar
                </button>
              </div>
            </footer>
          </div>
        </div>
      </div>
      <!---->
      <!---->
    </div>
  </div>
</div>
`;
